{"privateKey":"gJTzI4voHyHV3Qq5Z9_L1wOq3UaN1SQ0Fi6qdX-KTlE","publicKey":"J1KnxZ3WYClkX3rtwxUZPBstTbtdlOaW77ZDuSAzqVY"}
