{"privateKey":"IArgs3fFPb-f6wrNC4y2At4V9MT39xrCW8DEpzz0Gfc","publicKey":"_0tdxWCfyZcf7fMs_xOktrVJyIo7rCEPGcNebM1kDh4"}
