{
  "privateKey": "z5XsnzqujAfUnoJe1GNMNQlwjTdwsK8DzbTWnReT2Q8",
  "publicKey": "tBfGUduz3mY6V13_hRF0wJmOFOhmCIkDZuisyV8Oe4c"
}
